 (C) 2014 Microsoft Corporation. All rights reserved.

PS D:\codes\java> git status
On branch hitesh
Untracked files:
  (use "git add <file>..." to include in what will be committed)
        Profound/

nothing added to commit but untracked files present (use "git add" to track)
PS D:\codes\java> git add -A
PS D:\codes\java> git commit -a -m "add Profound folder"
[hitesh 550ff4a] add Profound folder
 2 files changed, 7 insertions(+)
 create mode 100644 Profound/Hello.class
 create mode 100644 Profound/Hello.java
PS D:\codes\java> git branch
* hitesh
  master
PS D:\codes\java> git push origin hitesh
Enumerating objects: 1279, done.
Counting objects: 100% (1279/1279), done.
Delta compression using up to 4 threads
Compressing objects: 100% (1071/1071), done.
error: RPC failed; curl 92 HTTP/2 stream 0 was not closed cleanly: CANCEL (err 8)
Wfatal: the remote end hung up unexpectedly
Writing objects: 100% (1279/1279), 7.39 MiB | 62.00 KiB/s, done.
Total 1279 (delta 378), reused 0 (delta 0), pack-reused 0
fatal: the remote end hung up unexpectedly
Everything up-to-date
PS D:\codes\java> git status
On branch hitesh
nothing to commit, working tree clean
PS D:\codes\java> git push origin hitesh
Enumerating objects: 1279, done.
Counting objects: 100% (1279/1279), done.
Delta compression using up to 4 threads
Compressing objects: 100% (1071/1071), done.